// Jest Snapshot v1, https://goo.gl/fbAQLP

exports[`Tests on Hook App should render the component 1`] = `
<div
  className="App"
/>
`;
